// Vitest Snapshot v1, https://vitest.dev/guide/snapshot.html

exports[`DealProof scoring > generates a partner-ready markdown memo 1`] = `
"# DealProof Red Team Memo: CaviClear AI

**Overall grade:** YELLOW

## Investment Question
Is this credible enough for IC?

## Key Strengths
- ARR support exists.

## Material Risks
- ROI methodology is missing.

## Questions Before IC
- Show customer cohort data.

## Recommendation
Proceed only after validating weak claims.
"
`;
